// Jest Snapshot v1, https://goo.gl/fbAQLP

exports[`should render ExpenseList with empty message 1`] = `
<div>
  <p>
    No expenses
  </p>
</div>
`;


exports[`should render ExpenseList with expenses 1`] = `
<div>
  <ExpenseListItem
    amount={300}
    createdAt={604800000}
    description="coffee"
    id="1"
    key="1"
    note=""
  />
  <ExpenseListItem
    amount={200000}
    createdAt={259200000}
    description="rent"
    id="2"
    key="2"
    note=""
  />
  <ExpenseListItem
    amount={4500}
    createdAt={432000000}
    description="party"
    id="3"
    key="3"
    note=""
  />
</div>
`;
