// Jest Snapshot v1, https://goo.gl/fbAQLP

exports[`should render ExpenseListItem with expense details 1`] = `
<div>
  <Link
    to="/edit/undefined"
  >
    <h3 />
  </Link>
  <p>
     - 
  </p>
</div>
`;
